{"class":"tws",
 "ruleset":"ms",
 "generator":"tws2json/0.1.1",
 "solutions":[
  {"class":"solution",
   "number":1,
   "password":"BDHP",
   "rndslidedir":1,
   "stepping":0,
   "rndseed":215026788,
   "moves":"5R10L,,4Rr,,4Dd,,5L3D3U,3R,r,,R,2D5Ru,,2U3Dd,,5L,2Dr,,2R6L3R,6Dd"},
  {"class":"solution",
   "number":2,
   "password":"JXMJ",
   "rndslidedir":1,
   "stepping":0,
   "rndseed":1010390719,
   "moves":"3L10,R,,D7,2U3,Rr,,R,u,,4U,l,,UL3,ULRDRD3,R,3D,r,,R6,D5,U3,L7,l,,L,6DRDd,,L4D,,2D,l,D2Rr,,d"},
  {"class":"solution",
   "number":3,
   "password":"ECBQ",
   "rndslidedir":1,
   "stepping":0,
   "rndseed":1036356268,
   "moves":"U2D3R,,U,3Rr,,2RD,r,,r,,RU2Rd,,2R2L6,Ul,,LD3Rr,,4RU2R,r"},
  {"class":"solution",
   "number":4,
   "password":"YMCJ",
   "rndslidedir":1,
   "stepping":0,
   "rndseed":1036356268,
   "moves":"3L10,r,D7,Uu,,4Uu,,2U,2Dd,,2Dd,,9RD,2Du,,2LD2L,,l,,3Ll,,4DR3,d,,R,4D,R2Dd"},
  {"class":"solution",
   "number":5,
   "password":"TQKB",
   "rndslidedir":1,
   "stepping":0,
   "rndseed":18446744071562067968,
   "moves":"L2D,2D,l,d"},
  {"class":"solution",
   "number":6,
   "password":"WNLP",
   "rndslidedir":1,
   "stepping":0,
   "rndseed":1010390719,
   "moves":"2U,,2R,D,,2D,,2R2Ul,,2L,,Rr,2R2L.R3,L.DLd,,D,r,,R,3U,,r,,r"},
  {"class":"solution",
   "number":7,
   "password":"FXQO",
   "rndslidedir":1,
   "stepping":0,
   "rndseed":1010390719,
   "moves":"2D9,d,,D,l,,2L,,r,,2D,r,,R2D,RD,,D3L2D,,l,,Rr,,R3,Rr,,R,l,,2Ld,,d,,2D3,Uu,,Uu,,Uu,,2U,,Ll,,l"},
  {"class":"solution",
   "number":8,
   "password":"NHAG",
   "rndslidedir":1,
   "stepping":0,
   "rndseed":1658379274,
   "moves":"D,Dd,,D,r,,2R3,Lr,,3Rr,,Rr,,5R,,Rr,,2R,,d,,2D8,DLl,,Ll,,9L,,l,,Ll,,2L,d,,3D2R3,RL,5R,,r,,3Rr,,5R,d,,D,,r,,d,,D,,Ll,,L,5Ll"},
  {"class":"solution",
   "number":9,
   "password":"KCRE",
   "rndslidedir":1,
   "stepping":0,
   "rndseed":1658379274,
   "moves":"Rd"}
]}
