{"class":"tws",
 "ruleset":"lynx",
 "levelset":"intro-lynx.dac",
 "generator":"tws2json/0.2",
 "solutions":[
  {"class":"solution",
   "number":1,
   "password":"BDHP",
   "rndslidedir":1,
   "stepping":0,
   "rndseed":573376017,
   "moves":"5R10L5R5D5L3D3Uu5R2D5R3U3D5L2D3L6R3L6Dd3,"},
  {"class":"solution",
   "number":2,
   "password":"JXMJ",
   "rndslidedir":4,
   "stepping":0,
   "rndseed":1524584319,
   "moves":"4L7,r,,R6,D.6R19,4UR8,D6,U6,L8,L3ULU,LU,L,RDRDR5DL,4DR2DL6D,,LDR10rRd3,"},
  {"class":"solution",
   "number":3,
   "password":"ECBQ",
   "rndslidedir":4,
   "stepping":0,
   "rndseed":1524584319,
   "moves":"U,2D4RU2R10r3RD3RU2RD,RrR3,3rRL6,U3LD4R10r4RU2Rr3,"},
  {"class":"solution",
   "number":4,
   "password":"YMCJ",
   "rndslidedir":4,
   "stepping":0,
   "rndseed":1524584319,
   "moves":"3L12,RD,,R,,9U6D9R3DU2LD3L4D4LU2R6DR2Dd3,"},
  {"class":"solution",
   "number":5,
   "password":"TQKB",
   "rndslidedir":4,
   "stepping":0,
   "rndseed":1524584319,
   "moves":"L4DLd3,"},
  {"class":"solution",
   "number":6,
   "password":"WNLP",
   "rndslidedir":4,
   "stepping":0,
   "rndseed":1524584319,
   "moves":"2U2R2D.D2R2U2L.L2R.L.R.L7,5d,L2D2R2U.URr3,"},
  {"class":"solution",
   "number":7,
   "password":"FXQO",
   "rndslidedir":1,
   "stepping":0,
   "rndseed":1088099442,
   "moves":"2D8,2D3L3R4D,R2D3L2DL6R2LD+L4D8U2Ll3,"},
  {"class":"solution",
   "number":8,
   "password":"NHAG",
   "rndslidedir":4,
   "stepping":0,
   "rndseed":1524584319,
   "moves":"4D2RL17R3D2r,,D18LD+L3D2RL16R2DRd,,d,,6Ll,,"},
  {"class":"solution",
   "number":9,
   "password":"KCRE",
   "rndslidedir":4,
   "stepping":0,
   "rndseed":1524584319,
   "moves":"Dr3,"}
]}
