{"class":"tws",
 "ruleset":"ms",
 "levelset":"intro-ms.dac",
 "generator":"tws2json/0.2",
 "solutions":[
  {"class":"solution",
   "number":1,
   "password":"BDHP",
   "rndslidedir":1,
   "stepping":0,
   "rndseed":1122154136,
   "moves":"2L,,l,,l,,L3,2Rr,,Rr,,2Rr,,R,,RLl,,Ll,,L3,Dd,d,,D,D,2Ll,L,LDd,,D3U5R2DR3,Rr,,2R,u,,2U,Dd,,D5L,d,,D3L4Rr,,R,Ll,,L,,Dd,,Dd,,Dd,,d"},
  {"class":"solution",
   "number":2,
   "password":"JXMJ",
   "rndslidedir":1,
   "stepping":0,
   "rndseed":1088099442,
   "moves":"L,2L10,r,,D8,2RUu,,2UR3ULULUL,,r,,D,RDRDd,,D2R5,D3,U,,L.L.L6DR2DL2D,,d,,2Dd,,LD2R,d"},
  {"class":"solution",
   "number":3,
   "password":"ECBQ",
   "rndslidedir":1,
   "stepping":0,
   "rndseed":1088099442,
   "moves":"U4RDR,Rr,,2RD,Rr,,RU2RD,r,,R,L,,u,,3LD8Ru,,2Rr"},
  {"class":"solution",
   "number":4,
   "password":"YMCJ",
   "rndslidedir":1,
   "stepping":0,
   "rndseed":1088099442,
   "moves":"3L11,r,,D7,u,,8U2D,,Dd,,D6Rr,,2R4DU2LD3L2D,Ll,,2LD2R2D,,4Dr,2Dd"},
  {"class":"solution",
   "number":5,
   "password":"TQKB",
   "rndslidedir":1,
   "stepping":0,
   "rndseed":1088099442,
   "moves":"L,d,,3DLd"},
  {"class":"solution",
   "number":6,
   "password":"WNLP",
   "rndslidedir":1,
   "stepping":0,
   "rndseed":359040184,
   "moves":"2U,Rr,,Dd,,d,2R,u,U,,Ll,,r,l,r,,l,l,L2D,2Ru,,u,,u,,Rr"},
  {"class":"solution",
   "number":7,
   "password":"FXQO",
   "rndslidedir":1,
   "stepping":0,
   "rndseed":1488849735,
   "moves":"2D10,d,,D,Ll,,L,,3RDd,,4D,Ll,,D,D,L,r,,2R4D,Uu,,2UR,r,,R,,l,,L,Uu,,2U,Ll,,Ll"},
  {"class":"solution",
   "number":8,
   "password":"NHAG",
   "rndslidedir":1,
   "stepping":0,
   "rndseed":1088099442,
   "moves":"4D,,Rr,L3R,,r,,Rr,,3R,,r,,Rr,,5R3D10,Dl,,l,,4L,,Ll,,2Ll,,4L,,l,,2Ld,,3D2RL7R,,3R,r,,3Rr,,R,d,,d,,R,d,,D6Ll"},
  {"class":"solution",
   "number":9,
   "password":"KCRE",
   "rndslidedir":1,
   "stepping":0,
   "rndseed":1088099442,
   "moves":"Dr"}
]}
